// Jest Snapshot v1, https://goo.gl/fbAQLP

exports[`Checkbox is disabled 1`] = `<div class="flex flex-wrap mb-0-4"><label for="checkbox1" class="relative pl-1-4 cursor-not-allowed opacity-50"><input id="checkbox1" name="checkbox1" type="checkbox" disabled="disabled" class="absolute top-0-2 left-0 w-0-8 h-0-8 form-checkbox" value="checkbox1"></label></div>`;

exports[`Checkbox is error 1`] = `<div class="flex flex-wrap mb-0-4"><label for="checkbox1" class="relative pl-1-4 cursor-pointer"><input id="checkbox1" name="checkbox1" type="checkbox" class="absolute top-0-2 left-0 w-0-8 h-0-8 form-checkbox form-checkbox-is-error" value="checkbox1"></label></div>`;

exports[`Checkbox is rendered 1`] = `<div class="flex flex-wrap mb-0-4"><label for="checkbox1" class="relative pl-1-4 cursor-pointer"><input id="checkbox1" name="checkbox1" type="checkbox" class="absolute top-0-2 left-0 w-0-8 h-0-8 form-checkbox" value="checkbox1">default</label></div>`;
