// Jest Snapshot v1, https://goo.gl/fbAQLP

exports[`Rating basic is rendered 1`] = `<div><span class="inline-block stateCursorPointer"><svg viewBox="0 0 50 50" xmlns="http://www.w3.org/2000/svg" width="2rem" class="inline-block"><linearGradient id="test10" x1="0" x2="100%" y1="0" y2="0"><stop offset="0%" stop-color="#dedede"></stop><stop offset="0%" stop-color="#dedede"></stop></linearGradient><polygon points="19.8,2.2,6.6,43.56,39.6,17.16,0,17.16,33,43.56" fill="url(#test10)"></polygon></svg><svg viewBox="0 0 50 50" xmlns="http://www.w3.org/2000/svg" width="2rem" class="inline-block"><linearGradient id="test11" x1="0" x2="100%" y1="0" y2="0"><stop offset="0%" stop-color="#dedede"></stop><stop offset="0%" stop-color="#dedede"></stop></linearGradient><polygon points="19.8,2.2,6.6,43.56,39.6,17.16,0,17.16,33,43.56" fill="url(#test11)"></polygon></svg><svg viewBox="0 0 50 50" xmlns="http://www.w3.org/2000/svg" width="2rem" class="inline-block"><linearGradient id="test12" x1="0" x2="100%" y1="0" y2="0"><stop offset="0%" stop-color="#dedede"></stop><stop offset="0%" stop-color="#dedede"></stop></linearGradient><polygon points="19.8,2.2,6.6,43.56,39.6,17.16,0,17.16,33,43.56" fill="url(#test12)"></polygon></svg><svg viewBox="0 0 50 50" xmlns="http://www.w3.org/2000/svg" width="2rem" class="inline-block"><linearGradient id="test13" x1="0" x2="100%" y1="0" y2="0"><stop offset="0%" stop-color="#dedede"></stop><stop offset="0%" stop-color="#dedede"></stop></linearGradient><polygon points="19.8,2.2,6.6,43.56,39.6,17.16,0,17.16,33,43.56" fill="url(#test13)"></polygon></svg><svg viewBox="0 0 50 50" xmlns="http://www.w3.org/2000/svg" width="2rem" class="inline-block"><linearGradient id="test14" x1="0" x2="100%" y1="0" y2="0"><stop offset="0%" stop-color="#dedede"></stop><stop offset="0%" stop-color="#dedede"></stop></linearGradient><polygon points="19.8,2.2,6.6,43.56,39.6,17.16,0,17.16,33,43.56" fill="url(#test14)"></polygon></svg></span></div>`;

exports[`Rating readonly and events is rendered 1`] = `
<div><span class="inline-block"><svg viewBox="0 0 50 50" xmlns="http://www.w3.org/2000/svg" width="2rem" class="inline-block"><linearGradient id="test10" x1="0" x2="100%" y1="0" y2="0"><stop offset="100%" stop-color="#fda368"></stop><stop offset="100%" stop-color="#dedede"></stop></linearGradient><polygon points="19.8,2.2,6.6,43.56,39.6,17.16,0,17.16,33,43.56" fill="url(#test10)"></polygon></svg><svg viewBox="0 0 50 50" xmlns="http://www.w3.org/2000/svg" width="2rem" class="inline-block"><linearGradient id="test11" x1="0" x2="100%" y1="0" y2="0"><stop offset="100%" stop-color="#fda368"></stop><stop offset="100%" stop-color="#dedede"></stop></linearGradient><polygon points="19.8,2.2,6.6,43.56,39.6,17.16,0,17.16,33,43.56" fill="url(#test11)"></polygon></svg><svg viewBox="0 0 50 50" xmlns="http://www.w3.org/2000/svg" width="2rem" class="inline-block"><linearGradient id="test12" x1="0" x2="100%" y1="0" y2="0"><stop offset="100%" stop-color="#fda368"></stop><stop offset="100%" stop-color="#dedede"></stop></linearGradient><polygon points="19.8,2.2,6.6,43.56,39.6,17.16,0,17.16,33,43.56" fill="url(#test12)"></polygon></svg><svg viewBox="0 0 50 50" xmlns="http://www.w3.org/2000/svg" width="2rem" class="inline-block"><linearGradient id="test13" x1="0" x2="100%" y1="0" y2="0"><stop offset="100%" stop-color="#fda368"></stop><stop offset="100%" stop-color="#dedede"></stop></linearGradient><polygon points="19.8,2.2,6.6,43.56,39.6,17.16,0,17.16,33,43.56" fill="url(#test13)"></polygon></svg><svg viewBox="0 0 50 50" xmlns="http://www.w3.org/2000/svg" width="2rem" class="inline-block"><linearGradient id="test14" x1="0" x2="100%" y1="0" y2="0"><stop offset="100%" stop-color="#fda368"></stop><stop offset="100%" stop-color="#dedede"></stop></linearGradient><polygon points="19.8,2.2,6.6,43.56,39.6,17.16,0,17.16,33,43.56" fill="url(#test14)"></polygon></svg></span>
  <div class="inline-block align-middle"> - 4.5</div>
</div>
`;

exports[`Rating v-model v-model 1`] = `<div><span class="inline-block stateCursorPointer"><svg viewBox="0 0 50 50" xmlns="http://www.w3.org/2000/svg" width="2rem" class="inline-block"><linearGradient id="test10" x1="0" x2="100%" y1="0" y2="0"><stop offset="0%" stop-color="#dedede"></stop><stop offset="0%" stop-color="#dedede"></stop></linearGradient><polygon points="19.8,2.2,6.6,43.56,39.6,17.16,0,17.16,33,43.56" fill="url(#test10)"></polygon></svg><svg viewBox="0 0 50 50" xmlns="http://www.w3.org/2000/svg" width="2rem" class="inline-block"><linearGradient id="test11" x1="0" x2="100%" y1="0" y2="0"><stop offset="0%" stop-color="#dedede"></stop><stop offset="0%" stop-color="#dedede"></stop></linearGradient><polygon points="19.8,2.2,6.6,43.56,39.6,17.16,0,17.16,33,43.56" fill="url(#test11)"></polygon></svg><svg viewBox="0 0 50 50" xmlns="http://www.w3.org/2000/svg" width="2rem" class="inline-block"><linearGradient id="test12" x1="0" x2="100%" y1="0" y2="0"><stop offset="0%" stop-color="#dedede"></stop><stop offset="0%" stop-color="#dedede"></stop></linearGradient><polygon points="19.8,2.2,6.6,43.56,39.6,17.16,0,17.16,33,43.56" fill="url(#test12)"></polygon></svg><svg viewBox="0 0 50 50" xmlns="http://www.w3.org/2000/svg" width="2rem" class="inline-block"><linearGradient id="test13" x1="0" x2="100%" y1="0" y2="0"><stop offset="0%" stop-color="#dedede"></stop><stop offset="0%" stop-color="#dedede"></stop></linearGradient><polygon points="19.8,2.2,6.6,43.56,39.6,17.16,0,17.16,33,43.56" fill="url(#test13)"></polygon></svg><svg viewBox="0 0 50 50" xmlns="http://www.w3.org/2000/svg" width="2rem" class="inline-block"><linearGradient id="test14" x1="0" x2="100%" y1="0" y2="0"><stop offset="0%" stop-color="#dedede"></stop><stop offset="0%" stop-color="#dedede"></stop></linearGradient><polygon points="19.8,2.2,6.6,43.56,39.6,17.16,0,17.16,33,43.56" fill="url(#test14)"></polygon></svg></span></div>`;

exports[`Rating with label is rendered 1`] = `<div><span class="inline-block stateCursorPointer"><svg viewBox="0 0 50 50" xmlns="http://www.w3.org/2000/svg" width="2rem" class="inline-block"><linearGradient id="test10" x1="0" x2="100%" y1="0" y2="0"><stop offset="0%" stop-color="#dedede"></stop><stop offset="0%" stop-color="#dedede"></stop></linearGradient><polygon points="19.8,2.2,6.6,43.56,39.6,17.16,0,17.16,33,43.56" fill="url(#test10)"></polygon></svg><svg viewBox="0 0 50 50" xmlns="http://www.w3.org/2000/svg" width="2rem" class="inline-block"><linearGradient id="test11" x1="0" x2="100%" y1="0" y2="0"><stop offset="0%" stop-color="#dedede"></stop><stop offset="0%" stop-color="#dedede"></stop></linearGradient><polygon points="19.8,2.2,6.6,43.56,39.6,17.16,0,17.16,33,43.56" fill="url(#test11)"></polygon></svg><svg viewBox="0 0 50 50" xmlns="http://www.w3.org/2000/svg" width="2rem" class="inline-block"><linearGradient id="test12" x1="0" x2="100%" y1="0" y2="0"><stop offset="0%" stop-color="#dedede"></stop><stop offset="0%" stop-color="#dedede"></stop></linearGradient><polygon points="19.8,2.2,6.6,43.56,39.6,17.16,0,17.16,33,43.56" fill="url(#test12)"></polygon></svg><svg viewBox="0 0 50 50" xmlns="http://www.w3.org/2000/svg" width="2rem" class="inline-block"><linearGradient id="test13" x1="0" x2="100%" y1="0" y2="0"><stop offset="0%" stop-color="#dedede"></stop><stop offset="0%" stop-color="#dedede"></stop></linearGradient><polygon points="19.8,2.2,6.6,43.56,39.6,17.16,0,17.16,33,43.56" fill="url(#test13)"></polygon></svg><svg viewBox="0 0 50 50" xmlns="http://www.w3.org/2000/svg" width="2rem" class="inline-block"><linearGradient id="test14" x1="0" x2="100%" y1="0" y2="0"><stop offset="0%" stop-color="#dedede"></stop><stop offset="0%" stop-color="#dedede"></stop></linearGradient><polygon points="19.8,2.2,6.6,43.56,39.6,17.16,0,17.16,33,43.56" fill="url(#test14)"></polygon></svg></span></div>`;

exports[`Rating with rating number is rendered 1`] = `
<div><span class="inline-block stateCursorPointer"><svg viewBox="0 0 50 50" xmlns="http://www.w3.org/2000/svg" width="2rem" class="inline-block"><linearGradient id="test10" x1="0" x2="100%" y1="0" y2="0"><stop offset="100%" stop-color="#fda368"></stop><stop offset="100%" stop-color="#dedede"></stop></linearGradient><polygon points="19.8,2.2,6.6,43.56,39.6,17.16,0,17.16,33,43.56" fill="url(#test10)"></polygon></svg><svg viewBox="0 0 50 50" xmlns="http://www.w3.org/2000/svg" width="2rem" class="inline-block"><linearGradient id="test11" x1="0" x2="100%" y1="0" y2="0"><stop offset="100%" stop-color="#fda368"></stop><stop offset="100%" stop-color="#dedede"></stop></linearGradient><polygon points="19.8,2.2,6.6,43.56,39.6,17.16,0,17.16,33,43.56" fill="url(#test11)"></polygon></svg><svg viewBox="0 0 50 50" xmlns="http://www.w3.org/2000/svg" width="2rem" class="inline-block"><linearGradient id="test12" x1="0" x2="100%" y1="0" y2="0"><stop offset="100%" stop-color="#fda368"></stop><stop offset="100%" stop-color="#dedede"></stop></linearGradient><polygon points="19.8,2.2,6.6,43.56,39.6,17.16,0,17.16,33,43.56" fill="url(#test12)"></polygon></svg><svg viewBox="0 0 50 50" xmlns="http://www.w3.org/2000/svg" width="2rem" class="inline-block"><linearGradient id="test13" x1="0" x2="100%" y1="0" y2="0"><stop offset="100%" stop-color="#fda368"></stop><stop offset="100%" stop-color="#dedede"></stop></linearGradient><polygon points="19.8,2.2,6.6,43.56,39.6,17.16,0,17.16,33,43.56" fill="url(#test13)"></polygon></svg><svg viewBox="0 0 50 50" xmlns="http://www.w3.org/2000/svg" width="2rem" class="inline-block"><linearGradient id="test14" x1="0" x2="100%" y1="0" y2="0"><stop offset="100%" stop-color="#fda368"></stop><stop offset="100%" stop-color="#dedede"></stop></linearGradient><polygon points="19.8,2.2,6.6,43.56,39.6,17.16,0,17.16,33,43.56" fill="url(#test14)"></polygon></svg></span>
  <div class="inline-block align-middle"> - 4.3</div>
</div>
`;
