// Jest Snapshot v1, https://goo.gl/fbAQLP

exports[`CList default empty CList is functional component and rendered. Should have tag ul by default 1`] = `<ul class="flex flex-col"></ul>`;

exports[`CList horizontal mode 1`] = `<ul class="flex flex-row"></ul>`;

exports[`CList html tag equal div when prop tag = div 1`] = `<div class="flex flex-col"></div>`;
